// Jest Snapshot v1, https://goo.gl/fbAQLP

exports[`controls should display controls 1`] = `
<div>
  <div
    className="controls-component"
  >
    <input
      className="checkbox"
      id="html"
      name="pick-catagory"
      type="checkbox"
      value="html"
    />
    <label
      className="card html-button"
      for="html"
    >
      <h3>
        HTML
      </h3>
      <img
        src="heart.png"
      />
    </label>
    <input
      className="checkbox"
      id="css"
      name="pick-catagory"
      type="checkbox"
      value="css"
    />
    <label
      className="card css-button"
      for="css"
    >
      <h3>
        CSS
      </h3>
      <img
        src="diamond.png"
      />
    </label>
    <input
      className="checkbox"
      id="javascript"
      name="pick-catagory"
      type="checkbox"
      value="javascript"
    />
    <label
      className="card javascript-button"
      for="javascript"
    >
      <h3>
        Javascript
      </h3>
      <img
        src="spade.png"
      />
    </label>
    <input
      className="checkbox"
      id="personal"
      name="pick-catagory"
      type="checkbox"
      value="personal"
    />
    <label
      className="card personal-button"
      for="personal"
    >
      <h3>
        Personal
      </h3>
      <img
        src="clover.png"
      />
    </label>
  </div>
  <button
    className="start-button"
    onClick={[MockFunction]}
  >
    start undefined
  </button>
</div>
`;
