// Jest Snapshot v1, https://goo.gl/fbAQLP

exports[`create should display create card component 1`] = `
<section>
  <h2
    className="create-card-title"
  >
    Create a Card
  </h2>
  <div
    className="create-card-container"
  >
    <div
      className="create-card"
    >
      <h4>
        Create Question/Defintion
      </h4>
      <textarea
        className="question-text"
      />
    </div>
    <div
      className="create-card"
    >
      <h4>
        Create Answer/Word
      </h4>
      <textarea
        className="answer-text"
      />
    </div>
  </div>
  <h3
    className="pick-label"
  >
    Pick a color
  </h3>
  <div
    className="pick-container"
  >
    <div>
      <input
        className="radio isHidden"
        id="radio0"
        name="create"
        type="radio"
        value="#f1652a"
      />
      <label
        className="label"
        for="radio0"
      >
         
      </label>
    </div>
    <div>
      <input
        className="radio isHidden"
        id="radio1"
        name="create"
        type="radio"
        value="#2fa4d5"
      />
      <label
        className="label"
        for="radio1"
      >
         
      </label>
    </div>
    <div>
      <input
        className="radio isHidden"
        id="radio2"
        name="create"
        type="radio"
        value="#f7d33c"
      />
      <label
        className="label"
        for="radio2"
      >
         
      </label>
    </div>
    <div>
      <input
        className="radio isHidden"
        id="radio3"
        name="create"
        type="radio"
        value="#8dbf28"
      />
      <label
        className="label"
        for="radio3"
      >
         
      </label>
    </div>
  </div>
  <button
    className="create-card-button"
    onClick={[Function]}
  >
    Create Card
  </button>
</section>
`;

exports[`teaList should display buttons, instructions, and svgs 1`] = `
<section>
  <h2
    className="create-card-title"
  >
    Create a Card
  </h2>
  <div
    className="create-card-container"
  >
    <div
      className="create-card"
    >
      <h4>
        Create Question/Defintion
      </h4>
      <textarea
        className="question-text"
      />
    </div>
    <div
      className="create-card"
    >
      <h4>
        Create Answer/Word
      </h4>
      <textarea
        className="answer-text"
      />
    </div>
  </div>
  <h3
    className="pick-label"
  >
    Pick a color
  </h3>
  <div
    className="pick-container"
  >
    <div>
      <input
        className="radio isHidden"
        id="radio0"
        name="create"
        type="radio"
        value="#f1652a"
      />
      <label
        className="label"
        for="radio0"
      >
         
      </label>
    </div>
    <div>
      <input
        className="radio isHidden"
        id="radio1"
        name="create"
        type="radio"
        value="#2fa4d5"
      />
      <label
        className="label"
        for="radio1"
      >
         
      </label>
    </div>
    <div>
      <input
        className="radio isHidden"
        id="radio2"
        name="create"
        type="radio"
        value="#f7d33c"
      />
      <label
        className="label"
        for="radio2"
      >
         
      </label>
    </div>
    <div>
      <input
        className="radio isHidden"
        id="radio3"
        name="create"
        type="radio"
        value="#8dbf28"
      />
      <label
        className="label"
        for="radio3"
      >
         
      </label>
    </div>
  </div>
  <button
    className="create-card-button"
    onClick={[Function]}
  >
    Create Card
  </button>
</section>
`;

exports[`teaList should display create card component 1`] = `
<section>
  <h2
    className="create-card-title"
  >
    Create a Card
  </h2>
  <div
    className="create-card-container"
  >
    <div
      className="create-card"
    >
      <h4>
        Create Question/Defintion
      </h4>
      <textarea
        className="question-text"
      />
    </div>
    <div
      className="create-card"
    >
      <h4>
        Create Answer/Word
      </h4>
      <textarea
        className="answer-text"
      />
    </div>
  </div>
  <h3
    className="pick-label"
  >
    Pick a color
  </h3>
  <div
    className="pick-container"
  >
    <div>
      <input
        className="radio isHidden"
        id="radio0"
        name="create"
        type="radio"
        value="#f1652a"
      />
      <label
        className="label"
        for="radio0"
      >
         
      </label>
    </div>
    <div>
      <input
        className="radio isHidden"
        id="radio1"
        name="create"
        type="radio"
        value="#2fa4d5"
      />
      <label
        className="label"
        for="radio1"
      >
         
      </label>
    </div>
    <div>
      <input
        className="radio isHidden"
        id="radio2"
        name="create"
        type="radio"
        value="#f7d33c"
      />
      <label
        className="label"
        for="radio2"
      >
         
      </label>
    </div>
    <div>
      <input
        className="radio isHidden"
        id="radio3"
        name="create"
        type="radio"
        value="#8dbf28"
      />
      <label
        className="label"
        for="radio3"
      >
         
      </label>
    </div>
  </div>
  <button
    className="create-card-button"
    onClick={[Function]}
  >
    Create Card
  </button>
</section>
`;
